main.c:78:5:main	8	static
main.c:123:6:SystemClock_Config	88	static
main.c:164:6:timerConfigureExperiment1PWM	16	static
main.c:182:6:timerConfigureExp2ForceInactiveActive	16	static
main.c:199:7:timerConfigurationExp3Toggle	16	static
main.c:220:7:TIM4_IRQHandler	8	static
main.c:243:7:timerExp4TriggerAdcWithTimer	24	static
main.c:278:7:ADC_IRQHandler	4	static
main.c:293:7:readAndPrintAdc	24	static
main.c:303:7:sendToUsart	24	static
main.c:312:7:usartConfiguration	24	static
main.c:324:6:Error_Handler	4	static,ignoring_inline_asm
